https://copypastadb.com/post-sitemap.xml
https://copypastadb.com/post-sitemap2.xml
https://copypastadb.com/post-sitemap3.xml
https://copypastadb.com/post-sitemap4.xml
https://copypastadb.com/post-sitemap5.xml
https://copypastadb.com/post-sitemap6.xml
https://copypastadb.com/post-sitemap7.xml
https://copypastadb.com/post-sitemap8.xml
https://copypastadb.com/post-sitemap9.xml
https://copypastadb.com/post-sitemap10.xml
https://copypastadb.com/post-sitemap11.xml
https://copypastadb.com/post-sitemap12.xml
https://copypastadb.com/post-sitemap13.xml
https://copypastadb.com/post-sitemap14.xml
https://copypastadb.com/post-sitemap15.xml
https://copypastadb.com/post-sitemap16.xml
https://copypastadb.com/post-sitemap17.xml
https://copypastadb.com/post-sitemap18.xml
https://copypastadb.com/post-sitemap19.xml
https://copypastadb.com/post-sitemap20.xml
https://copypastadb.com/post-sitemap21.xml
https://copypastadb.com/post-sitemap22.xml
https://copypastadb.com/post-sitemap23.xml
https://copypastadb.com/post-sitemap24.xml
https://copypastadb.com/post-sitemap25.xml
https://copypastadb.com/post-sitemap26.xml
https://copypastadb.com/post-sitemap27.xml
https://copypastadb.com/post-sitemap28.xml
https://copypastadb.com/post-sitemap29.xml
https://copypastadb.com/post-sitemap30.xml
https://copypastadb.com/post-sitemap31.xml
https://copypastadb.com/post-sitemap32.xml
https://copypastadb.com/post-sitemap33.xml
https://copypastadb.com/post-sitemap34.xml
https://copypastadb.com/post-sitemap35.xml
https://copypastadb.com/post-sitemap36.xml
https://copypastadb.com/post-sitemap37.xml
https://copypastadb.com/post-sitemap38.xml
https://copypastadb.com/post-sitemap39.xml
https://copypastadb.com/post-sitemap40.xml
https://copypastadb.com/post-sitemap41.xml
https://copypastadb.com/post-sitemap42.xml
https://copypastadb.com/post-sitemap43.xml
https://copypastadb.com/post-sitemap44.xml
https://copypastadb.com/post-sitemap45.xml
https://copypastadb.com/post-sitemap46.xml
https://copypastadb.com/post-sitemap47.xml
https://copypastadb.com/post-sitemap48.xml
https://copypastadb.com/post-sitemap49.xml
https://copypastadb.com/post-sitemap50.xml
https://copypastadb.com/post-sitemap51.xml
https://copypastadb.com/post-sitemap52.xml
https://copypastadb.com/post-sitemap53.xml
https://copypastadb.com/post-sitemap54.xml
https://copypastadb.com/post-sitemap55.xml
https://copypastadb.com/post-sitemap56.xml
https://copypastadb.com/post-sitemap57.xml
https://copypastadb.com/post-sitemap58.xml
https://copypastadb.com/post-sitemap59.xml
https://copypastadb.com/post-sitemap60.xml
https://copypastadb.com/post-sitemap61.xml
https://copypastadb.com/post-sitemap62.xml
https://copypastadb.com/post-sitemap63.xml
https://copypastadb.com/post-sitemap64.xml
https://copypastadb.com/post-sitemap65.xml
https://copypastadb.com/post-sitemap66.xml
https://copypastadb.com/post-sitemap67.xml
https://copypastadb.com/post-sitemap68.xml
https://copypastadb.com/post-sitemap69.xml
https://copypastadb.com/post-sitemap70.xml
https://copypastadb.com/post-sitemap71.xml
https://copypastadb.com/post-sitemap72.xml
https://copypastadb.com/post-sitemap73.xml
https://copypastadb.com/post-sitemap74.xml
https://copypastadb.com/post-sitemap75.xml
https://copypastadb.com/post-sitemap76.xml
https://copypastadb.com/post-sitemap77.xml
https://copypastadb.com/post-sitemap78.xml
https://copypastadb.com/post-sitemap79.xml
https://copypastadb.com/post-sitemap80.xml
https://copypastadb.com/post-sitemap81.xml
https://copypastadb.com/post-sitemap82.xml
https://copypastadb.com/post-sitemap83.xml
https://copypastadb.com/post-sitemap84.xml
https://copypastadb.com/post-sitemap85.xml
https://copypastadb.com/post-sitemap86.xml
https://copypastadb.com/post-sitemap87.xml
https://copypastadb.com/post-sitemap88.xml
https://copypastadb.com/post-sitemap89.xml
https://copypastadb.com/post-sitemap90.xml
https://copypastadb.com/post-sitemap91.xml
https://copypastadb.com/post-sitemap92.xml
https://copypastadb.com/post-sitemap93.xml
https://copypastadb.com/post-sitemap94.xml
https://copypastadb.com/post-sitemap95.xml
https://copypastadb.com/post-sitemap96.xml
https://copypastadb.com/post-sitemap97.xml
https://copypastadb.com/post-sitemap98.xml
https://copypastadb.com/post-sitemap99.xml
https://copypastadb.com/post-sitemap100.xml
https://copypastadb.com/post-sitemap101.xml
https://copypastadb.com/post-sitemap102.xml
https://copypastadb.com/post-sitemap103.xml
https://copypastadb.com/post-sitemap104.xml
https://copypastadb.com/post-sitemap105.xml
https://copypastadb.com/post-sitemap106.xml
https://copypastadb.com/post-sitemap107.xml
https://copypastadb.com/post-sitemap108.xml
https://copypastadb.com/post-sitemap109.xml
https://copypastadb.com/post-sitemap110.xml
https://copypastadb.com/post-sitemap111.xml
https://copypastadb.com/post-sitemap112.xml
https://copypastadb.com/post-sitemap113.xml
https://copypastadb.com/post-sitemap114.xml
https://copypastadb.com/post-sitemap115.xml
https://copypastadb.com/post-sitemap116.xml
https://copypastadb.com/post-sitemap117.xml
https://copypastadb.com/post-sitemap118.xml
https://copypastadb.com/post-sitemap119.xml
https://copypastadb.com/post-sitemap120.xml
https://copypastadb.com/post-sitemap121.xml
https://copypastadb.com/post-sitemap122.xml
https://copypastadb.com/post-sitemap123.xml
https://copypastadb.com/post-sitemap124.xml
https://copypastadb.com/post-sitemap125.xml
https://copypastadb.com/post-sitemap126.xml
https://copypastadb.com/post-sitemap127.xml
https://copypastadb.com/post-sitemap128.xml
https://copypastadb.com/post-sitemap129.xml
https://copypastadb.com/post-sitemap130.xml
https://copypastadb.com/post-sitemap131.xml
https://copypastadb.com/post-sitemap132.xml
https://copypastadb.com/post-sitemap133.xml
https://copypastadb.com/post-sitemap134.xml
https://copypastadb.com/post-sitemap135.xml
https://copypastadb.com/post-sitemap136.xml
https://copypastadb.com/post-sitemap137.xml
https://copypastadb.com/post-sitemap138.xml
https://copypastadb.com/post-sitemap139.xml
https://copypastadb.com/post-sitemap140.xml
https://copypastadb.com/post-sitemap141.xml
https://copypastadb.com/post-sitemap142.xml
https://copypastadb.com/post-sitemap143.xml
https://copypastadb.com/post-sitemap144.xml
https://copypastadb.com/post-sitemap145.xml
https://copypastadb.com/post-sitemap146.xml
https://copypastadb.com/post-sitemap147.xml
https://copypastadb.com/post-sitemap148.xml
https://copypastadb.com/post-sitemap149.xml
https://copypastadb.com/post-sitemap150.xml
https://copypastadb.com/post-sitemap151.xml
https://copypastadb.com/post-sitemap152.xml
https://copypastadb.com/post-sitemap153.xml
https://copypastadb.com/post-sitemap154.xml
https://copypastadb.com/post-sitemap155.xml
https://copypastadb.com/post-sitemap156.xml
https://copypastadb.com/post-sitemap157.xml
https://copypastadb.com/post-sitemap158.xml
https://copypastadb.com/post-sitemap159.xml
https://copypastadb.com/post-sitemap160.xml
https://copypastadb.com/post-sitemap161.xml
https://copypastadb.com/post-sitemap162.xml
https://copypastadb.com/post-sitemap163.xml
https://copypastadb.com/post-sitemap164.xml
https://copypastadb.com/post-sitemap165.xml
https://copypastadb.com/post-sitemap166.xml
https://copypastadb.com/post-sitemap167.xml
https://copypastadb.com/post-sitemap168.xml
https://copypastadb.com/post-sitemap169.xml
https://copypastadb.com/post-sitemap170.xml
https://copypastadb.com/post-sitemap171.xml
https://copypastadb.com/post-sitemap172.xml
https://copypastadb.com/post-sitemap173.xml
https://copypastadb.com/post-sitemap174.xml
https://copypastadb.com/post-sitemap175.xml
https://copypastadb.com/post-sitemap176.xml
https://copypastadb.com/post-sitemap177.xml
https://copypastadb.com/post-sitemap178.xml
https://copypastadb.com/post-sitemap179.xml
https://copypastadb.com/post-sitemap180.xml
https://copypastadb.com/post-sitemap181.xml
https://copypastadb.com/post-sitemap182.xml
https://copypastadb.com/post-sitemap183.xml
https://copypastadb.com/post-sitemap184.xml
https://copypastadb.com/post-sitemap185.xml
https://copypastadb.com/post-sitemap186.xml
https://copypastadb.com/post-sitemap187.xml
https://copypastadb.com/post-sitemap188.xml
https://copypastadb.com/post-sitemap189.xml
https://copypastadb.com/post-sitemap190.xml
https://copypastadb.com/post-sitemap191.xml
https://copypastadb.com/post-sitemap192.xml
https://copypastadb.com/post-sitemap193.xml
https://copypastadb.com/post-sitemap194.xml
https://copypastadb.com/post-sitemap195.xml
https://copypastadb.com/post-sitemap196.xml
https://copypastadb.com/post-sitemap197.xml
https://copypastadb.com/post-sitemap198.xml
https://copypastadb.com/post-sitemap199.xml
https://copypastadb.com/post-sitemap200.xml
https://copypastadb.com/post-sitemap201.xml
https://copypastadb.com/post-sitemap202.xml
https://copypastadb.com/post-sitemap203.xml
https://copypastadb.com/post-sitemap204.xml
https://copypastadb.com/post-sitemap205.xml
https://copypastadb.com/post-sitemap206.xml
https://copypastadb.com/post-sitemap207.xml
https://copypastadb.com/post-sitemap208.xml
https://copypastadb.com/post-sitemap209.xml
https://copypastadb.com/post-sitemap210.xml
https://copypastadb.com/post-sitemap211.xml
https://copypastadb.com/post-sitemap212.xml
https://copypastadb.com/post-sitemap213.xml
https://copypastadb.com/post-sitemap214.xml
https://copypastadb.com/post-sitemap215.xml
https://copypastadb.com/post-sitemap216.xml
https://copypastadb.com/post-sitemap217.xml
https://copypastadb.com/post-sitemap218.xml
https://copypastadb.com/post-sitemap219.xml
https://copypastadb.com/post-sitemap220.xml
https://copypastadb.com/post-sitemap221.xml
https://copypastadb.com/post-sitemap222.xml
https://copypastadb.com/post-sitemap223.xml
https://copypastadb.com/post-sitemap224.xml
https://copypastadb.com/post-sitemap225.xml
https://copypastadb.com/post-sitemap226.xml
https://copypastadb.com/post-sitemap227.xml
https://copypastadb.com/post-sitemap228.xml
https://copypastadb.com/post-sitemap229.xml
https://copypastadb.com/post-sitemap230.xml
https://copypastadb.com/post-sitemap231.xml
https://copypastadb.com/post-sitemap232.xml
https://copypastadb.com/post-sitemap233.xml
https://copypastadb.com/post-sitemap234.xml
https://copypastadb.com/post-sitemap235.xml
https://copypastadb.com/post-sitemap236.xml
https://copypastadb.com/post-sitemap237.xml
https://copypastadb.com/post-sitemap238.xml
https://copypastadb.com/post-sitemap239.xml
https://copypastadb.com/post-sitemap240.xml
https://copypastadb.com/post-sitemap241.xml
https://copypastadb.com/post-sitemap242.xml
https://copypastadb.com/post-sitemap243.xml
https://copypastadb.com/post-sitemap244.xml
https://copypastadb.com/post-sitemap245.xml
https://copypastadb.com/post-sitemap246.xml
https://copypastadb.com/post-sitemap247.xml
https://copypastadb.com/post-sitemap248.xml
https://copypastadb.com/post-sitemap249.xml
https://copypastadb.com/post-sitemap250.xml
https://copypastadb.com/post-sitemap251.xml
https://copypastadb.com/post-sitemap252.xml
https://copypastadb.com/post-sitemap253.xml
https://copypastadb.com/post-sitemap254.xml
https://copypastadb.com/post-sitemap255.xml
https://copypastadb.com/post-sitemap256.xml
https://copypastadb.com/post-sitemap257.xml
https://copypastadb.com/post-sitemap258.xml
https://copypastadb.com/post-sitemap259.xml
https://copypastadb.com/post-sitemap260.xml
https://copypastadb.com/post-sitemap261.xml
https://copypastadb.com/post-sitemap262.xml
https://copypastadb.com/post-sitemap263.xml
https://copypastadb.com/post-sitemap264.xml
https://copypastadb.com/post-sitemap265.xml
https://copypastadb.com/post-sitemap266.xml
https://copypastadb.com/post-sitemap267.xml
https://copypastadb.com/post-sitemap268.xml
https://copypastadb.com/post-sitemap269.xml
https://copypastadb.com/post-sitemap270.xml
https://copypastadb.com/post-sitemap271.xml
https://copypastadb.com/post-sitemap272.xml
https://copypastadb.com/post-sitemap273.xml
https://copypastadb.com/post-sitemap274.xml
https://copypastadb.com/post-sitemap275.xml
https://copypastadb.com/post-sitemap276.xml
https://copypastadb.com/post-sitemap277.xml
https://copypastadb.com/post-sitemap278.xml
https://copypastadb.com/post-sitemap279.xml
https://copypastadb.com/post-sitemap280.xml
https://copypastadb.com/post-sitemap281.xml
https://copypastadb.com/post-sitemap282.xml
https://copypastadb.com/post-sitemap283.xml
https://copypastadb.com/post-sitemap284.xml
https://copypastadb.com/post-sitemap285.xml
https://copypastadb.com/post-sitemap286.xml
https://copypastadb.com/post-sitemap287.xml
https://copypastadb.com/post-sitemap288.xml
https://copypastadb.com/post-sitemap289.xml
https://copypastadb.com/post-sitemap290.xml
https://copypastadb.com/post-sitemap291.xml
https://copypastadb.com/post-sitemap292.xml
https://copypastadb.com/post-sitemap293.xml
https://copypastadb.com/post-sitemap294.xml
https://copypastadb.com/post-sitemap295.xml
https://copypastadb.com/post-sitemap296.xml
https://copypastadb.com/post-sitemap297.xml
https://copypastadb.com/post-sitemap298.xml
https://copypastadb.com/post-sitemap299.xml
https://copypastadb.com/post-sitemap300.xml
https://copypastadb.com/post-sitemap301.xml
https://copypastadb.com/post-sitemap302.xml
https://copypastadb.com/post-sitemap303.xml
https://copypastadb.com/post-sitemap304.xml
https://copypastadb.com/post-sitemap305.xml
https://copypastadb.com/post-sitemap306.xml
https://copypastadb.com/post-sitemap307.xml
https://copypastadb.com/post-sitemap308.xml
https://copypastadb.com/post-sitemap309.xml
https://copypastadb.com/post-sitemap310.xml
https://copypastadb.com/post-sitemap311.xml
https://copypastadb.com/post-sitemap312.xml
https://copypastadb.com/post-sitemap313.xml
https://copypastadb.com/post-sitemap314.xml
https://copypastadb.com/post-sitemap315.xml
https://copypastadb.com/post-sitemap316.xml
https://copypastadb.com/post-sitemap317.xml
https://copypastadb.com/post-sitemap318.xml
https://copypastadb.com/post-sitemap319.xml
https://copypastadb.com/post-sitemap320.xml
https://copypastadb.com/post-sitemap321.xml
https://copypastadb.com/post-sitemap322.xml
https://copypastadb.com/post-sitemap323.xml
https://copypastadb.com/post-sitemap324.xml
https://copypastadb.com/post-sitemap325.xml
https://copypastadb.com/post-sitemap326.xml
https://copypastadb.com/post-sitemap327.xml
https://copypastadb.com/post-sitemap328.xml
https://copypastadb.com/post-sitemap329.xml
https://copypastadb.com/post-sitemap330.xml
https://copypastadb.com/post-sitemap331.xml
https://copypastadb.com/post-sitemap332.xml
https://copypastadb.com/post-sitemap333.xml
https://copypastadb.com/post-sitemap334.xml
https://copypastadb.com/post-sitemap335.xml
https://copypastadb.com/post-sitemap336.xml
https://copypastadb.com/post-sitemap337.xml
https://copypastadb.com/post-sitemap338.xml
https://copypastadb.com/post-sitemap339.xml
https://copypastadb.com/post-sitemap340.xml
https://copypastadb.com/post-sitemap341.xml
https://copypastadb.com/post-sitemap342.xml
https://copypastadb.com/post-sitemap343.xml
https://copypastadb.com/post-sitemap344.xml
https://copypastadb.com/post-sitemap345.xml
https://copypastadb.com/post-sitemap346.xml
https://copypastadb.com/post-sitemap347.xml
https://copypastadb.com/post-sitemap348.xml
https://copypastadb.com/post-sitemap349.xml
https://copypastadb.com/post-sitemap350.xml
https://copypastadb.com/post-sitemap351.xml
https://copypastadb.com/post-sitemap352.xml
https://copypastadb.com/post-sitemap353.xml
https://copypastadb.com/post-sitemap354.xml
https://copypastadb.com/post-sitemap355.xml
https://copypastadb.com/post-sitemap356.xml
https://copypastadb.com/post-sitemap357.xml
https://copypastadb.com/post-sitemap358.xml
https://copypastadb.com/post-sitemap359.xml
https://copypastadb.com/post-sitemap360.xml
https://copypastadb.com/post-sitemap361.xml
https://copypastadb.com/post-sitemap362.xml
https://copypastadb.com/post-sitemap363.xml
https://copypastadb.com/post-sitemap364.xml
https://copypastadb.com/post-sitemap365.xml
https://copypastadb.com/post-sitemap366.xml
https://copypastadb.com/post-sitemap367.xml
https://copypastadb.com/post-sitemap368.xml
https://copypastadb.com/post-sitemap369.xml
https://copypastadb.com/post-sitemap370.xml
https://copypastadb.com/post-sitemap371.xml
https://copypastadb.com/post-sitemap372.xml
https://copypastadb.com/post-sitemap373.xml
https://copypastadb.com/post-sitemap374.xml
https://copypastadb.com/post-sitemap375.xml
https://copypastadb.com/post-sitemap376.xml
https://copypastadb.com/post-sitemap377.xml
https://copypastadb.com/post-sitemap378.xml
https://copypastadb.com/post-sitemap379.xml
https://copypastadb.com/post-sitemap380.xml
https://copypastadb.com/post-sitemap381.xml
https://copypastadb.com/post-sitemap382.xml
https://copypastadb.com/post-sitemap383.xml
https://copypastadb.com/post-sitemap384.xml
https://copypastadb.com/post-sitemap385.xml
https://copypastadb.com/post-sitemap386.xml
https://copypastadb.com/post-sitemap387.xml
https://copypastadb.com/post-sitemap388.xml
https://copypastadb.com/post-sitemap389.xml
https://copypastadb.com/post-sitemap390.xml
